---
source: crates/spacetimedb-lib/tests/serde.rs
expression: "de_json({\n    \"foo\": 5654,\n    \"bar\": \"010F2C\",\n    \"baz\": [\"it's ðŸ¥¶Â°C\"],\n    \"quux\": { \"Unit\": [] },\n    \"and_peggy\": 9.8\n})"
---
(
    foo = 5654,
    bar = [1, 15, 44],
    baz = [
        "it's ðŸ¥¶Â°C",
    ],
    quux = (
        Unit = (),
    ),
    and_peggy = 9.8,
)
