---
source: crates/bindings/tests/deps.rs
expression: cargo tree -p spacetimedb -e no-dev -d --depth 0
---

